C:\Users\Administrator\Downloads\X20CP1586_human-computer_interface\Temp\Includes\AS_TempDecl\McElements.var
C:\Users\Administrator\Downloads\X20CP1586_human-computer_interface\Logical\Global.typ
C:\Users\Administrator\Downloads\X20CP1586_human-computer_interface\Logical\Global.var
C:\Users\Administrator\Downloads\X20CP1586_human-computer_interface\Logical\Libraries\operator\operator.fun
C:\Users\Administrator\Downloads\X20CP1586_human-computer_interface\Logical\Libraries\operator\operator.typ
C:\Users\Administrator\Downloads\X20CP1586_human-computer_interface\Logical\Libraries\operator\operator.var
C:\Users\Administrator\Downloads\X20CP1586_human-computer_interface\Logical\Libraries\runtime\runtime.fun
C:\Users\Administrator\Downloads\X20CP1586_human-computer_interface\Logical\Libraries\runtime\runtime.typ
C:\Users\Administrator\Downloads\X20CP1586_human-computer_interface\Logical\Libraries\runtime\runtime.var
C:\Users\Administrator\Downloads\X20CP1586_human-computer_interface\Logical\Libraries\astime\astime.fun
C:\Users\Administrator\Downloads\X20CP1586_human-computer_interface\Logical\Libraries\astime\astime.typ
C:\Users\Administrator\Downloads\X20CP1586_human-computer_interface\Logical\Libraries\astime\astime.var
C:\Users\Administrator\Downloads\X20CP1586_human-computer_interface\Logical\Libraries\AsIecCon\AsIecCon.fun
C:\Users\Administrator\Downloads\X20CP1586_human-computer_interface\Logical\Libraries\AsIecCon\AsIecCon.typ
C:\Users\Administrator\Downloads\X20CP1586_human-computer_interface\Logical\Libraries\AsIecCon\AsIecCon.var
C:\Users\Administrator\Downloads\X20CP1586_human-computer_interface\Logical\Libraries\AsZip\AsZip.fun
C:\Users\Administrator\Downloads\X20CP1586_human-computer_interface\Logical\Libraries\AsZip\AsZip.typ
C:\Users\Administrator\Downloads\X20CP1586_human-computer_interface\Logical\Libraries\AsZip\AsZip.var
C:\Users\Administrator\Downloads\X20CP1586_human-computer_interface\Logical\Libraries\FileIO\FileIO.fun
C:\Users\Administrator\Downloads\X20CP1586_human-computer_interface\Logical\Libraries\FileIO\FileIO.typ
C:\Users\Administrator\Downloads\X20CP1586_human-computer_interface\Logical\Libraries\FileIO\FileIO.var
C:\Users\Administrator\Downloads\X20CP1586_human-computer_interface\Logical\Libraries\MpBase\MpBase.typ
C:\Users\Administrator\Downloads\X20CP1586_human-computer_interface\Logical\Libraries\MpBase\MpBase.var
C:\Users\Administrator\Downloads\X20CP1586_human-computer_interface\Logical\Libraries\MpBase\MpBase.fun
C:\Users\Administrator\Downloads\X20CP1586_human-computer_interface\Logical\Libraries\CoTrace\CoTrace.fun
C:\Users\Administrator\Downloads\X20CP1586_human-computer_interface\Logical\Libraries\CoTrace\CoTrace.typ
C:\Users\Administrator\Downloads\X20CP1586_human-computer_interface\Logical\Libraries\CoTrace\CoTrace.var
C:\Users\Administrator\Downloads\X20CP1586_human-computer_interface\Logical\Libraries\McAcpAx\McAcpAx.typ
C:\Users\Administrator\Downloads\X20CP1586_human-computer_interface\Logical\Libraries\McAcpAx\McAcpAx.fun
C:\Users\Administrator\Downloads\X20CP1586_human-computer_interface\Logical\Libraries\McAcpAx\McAcpAx.var
C:\Users\Administrator\Downloads\X20CP1586_human-computer_interface\Logical\Libraries\McAcpAx\McAcpAxCfg.typ
C:\Users\Administrator\Downloads\X20CP1586_human-computer_interface\Logical\Libraries\McPathGen\McPathGen.typ
C:\Users\Administrator\Downloads\X20CP1586_human-computer_interface\Logical\Libraries\McPathGen\McPathGen.fun
C:\Users\Administrator\Downloads\X20CP1586_human-computer_interface\Logical\Libraries\McPathGen\McPathGen.var
C:\Users\Administrator\Downloads\X20CP1586_human-computer_interface\Logical\Libraries\McPathGen\McPathGenCfg.typ
C:\Users\Administrator\Downloads\X20CP1586_human-computer_interface\Logical\Libraries\McAxis\McAxis.typ
C:\Users\Administrator\Downloads\X20CP1586_human-computer_interface\Logical\Libraries\McAxis\McAxis.fun
C:\Users\Administrator\Downloads\X20CP1586_human-computer_interface\Logical\Libraries\McAxis\McAxis.var
C:\Users\Administrator\Downloads\X20CP1586_human-computer_interface\Logical\Libraries\McAxis\McAxisCfg.typ
C:\Users\Administrator\Downloads\X20CP1586_human-computer_interface\Logical\Libraries\McProgInt\McProgInt.typ
C:\Users\Administrator\Downloads\X20CP1586_human-computer_interface\Logical\Libraries\McProgInt\McProgInt.fun
C:\Users\Administrator\Downloads\X20CP1586_human-computer_interface\Logical\Libraries\McProgInt\McProgInt.var
C:\Users\Administrator\Downloads\X20CP1586_human-computer_interface\Logical\Libraries\McProgInt\McProgIntCfg.typ
C:\Users\Administrator\Downloads\X20CP1586_human-computer_interface\Logical\Libraries\MpRobotics\MpRobotics.fun
C:\Users\Administrator\Downloads\X20CP1586_human-computer_interface\Logical\Libraries\MpRobotics\MpRobotics.typ
C:\Users\Administrator\Downloads\X20CP1586_human-computer_interface\Logical\Libraries\MpRobotics\MpRoboticsError.typ
C:\Users\Administrator\Downloads\X20CP1586_human-computer_interface\Logical\Libraries\McAxGroup\McAxGroup.typ
C:\Users\Administrator\Downloads\X20CP1586_human-computer_interface\Logical\Libraries\McAxGroup\McAxGroup.fun
C:\Users\Administrator\Downloads\X20CP1586_human-computer_interface\Logical\Libraries\McAxGroup\McAxGroup.var
C:\Users\Administrator\Downloads\X20CP1586_human-computer_interface\Logical\Libraries\McAxGroup\McAxGroupCfg.typ
C:\Users\Administrator\Downloads\X20CP1586_human-computer_interface\Logical\Libraries\McBase\McBase.typ
C:\Users\Administrator\Downloads\X20CP1586_human-computer_interface\Logical\Libraries\McBase\McBase.fun
C:\Users\Administrator\Downloads\X20CP1586_human-computer_interface\Logical\Libraries\McBase\McBase.var
C:\Users\Administrator\Downloads\X20CP1586_human-computer_interface\Logical\Libraries\McBase\McBaseCfg.typ
